<?xml version="1.0"?>
<h3 style="color:blue">CCC id=c1</h3><h2 style="color:red">CCC id=c2</h2><h3 style="color:blue">CCC id=c3</h3>
