<?xml version="1.0"?>
<head><meta http-equiv="Content-Type" content="text/html; charset=utf-8"/></head><body><ol><li>user</li><li>Oo</li><li>userOo</li><li>Oouser</li><li>sub_userOo</li><li>usersub_Oo</li><li>sub_usersub_Oo</li><li>sub_Oosub_user</li><li>sub_usersub_user2</li><li>sub_Oo2sub_OoOo</li><li>sub_Oo2sub_Oo</li></ol>
	
	
	123
</body>