<?xml version="1.0"?>
<out xmlns:fo="http://www.w3.org/1999/XSL/Format" xmlns:ltr="LTR" xmlns:exslt="http://exslt.org/common">5<br/>4</out>
