<?xml version="1.0"?>
5<br xmlns:fo="http://www.w3.org/1999/XSL/Format" xmlns:ltr="LTR"/><br xmlns:fo="http://www.w3.org/1999/XSL/Format" xmlns:ltr="LTR"/>1<br/>2<br/>3<br/>4<br/>5<br/>
