<?xml version="1.0"?>

	2<br xmlns:fo="http://www.w3.org/1999/XSL/Format" xmlns:ltr="LTR"/>
	1<br xmlns:fo="http://www.w3.org/1999/XSL/Format" xmlns:ltr="LTR"/>
	

