<?xml version="1.0"?>
4<br xmlns:fo="http://www.w3.org/1999/XSL/Format"/>
