<?xml version="1.0"?>
1<br xmlns:fo="http://www.w3.org/1999/XSL/Format"/><br xmlns:fo="http://www.w3.org/1999/XSL/Format"/>
		456
	
