<?xml version="1.0"?>
0<br xmlns:fo="http://www.w3.org/1999/XSL/Format"/>0<br xmlns:fo="http://www.w3.org/1999/XSL/Format"/>
		123
	
