<?xml version="1.0"?>
100.00<br xmlns:fo="http://www.w3.org/1999/XSL/Format"/>100<br xmlns:fo="http://www.w3.org/1999/XSL/Format"/>false
