<?xml version="1.0"?>
root_title<br xmlns:fo="http://www.w3.org/1999/XSL/Format"/>
