<?xml version="1.0"?>
<head xmlns:fo="http://www.w3.org/1999/XSL/Format"><meta http-equiv="Content-Type" content="text/html; charset=utf-8"/></head><body xmlns:fo="http://www.w3.org/1999/XSL/Format">XML Today<br/>XML and Microsoft<br/></body>
