<?xml version="1.0"?>

   <div xmlns:fo="http://www.w3.org/1999/XSL/Format" xmlns:ltr="LTR" style="color:blue">
    Title: Lover Birds</div>


