<?xml version="1.0"?>

   
   Title - Lover Birds<br xmlns:fo="http://www.w3.org/1999/XSL/Format" xmlns:ltr="LTR"/>

