<?xml version="1.0"?>
<p xmlns:fo="http://www.w3.org/1999/XSL/Format" xmlns:ltr="LTR">import2.xsl testimports</p><p xmlns:fo="http://www.w3.org/1999/XSL/Format" xmlns:ltr="LTR">import1.xsl testimports2</p>
